Theme Name: Golden
Theme URI: http://www.somanylinks.com
Description: Free CSS Template for qlWebDS qlWebDS Pro v. 6.3.*
Version: 6.0
Author: SoManyLinks.com
Author URI: http://www.somanylinks.com
